{
'project:jboss-ejb3-tutorial/build.xml':[
18,
361,
],
'project:jboss-ejb3-tutorial/mdb/META-INF/custom-ejb3-interceptors-aop.xml':[
3,
],
'project:jboss-ejb3-tutorial/tableperinheritance/build.xml':[
72,
],
'project:jboss-ejb3-tutorial/tableperinheritance/pom.xml':[
20,
],
'project:sonar-java/its/plugin/projects/struts-1.3.9-lite/tiles/src/test/java/org/apache/struts/tiles/config/tiles-defs.xml':[
51,
],
'project:spring-framework/spring-jms/src/test/resources/org/springframework/jms/config/jmsNamespaceHandlerTests.xml':[
19,
85,
],
}
