{
'project:jboss-ejb3-tutorial/common/pom.xml':[
0,
],
'project:jboss-ejb3-tutorial/enterprise_app_ejb_injection/ear/pom.xml':[
0,
],
'project:jboss-ejb3-tutorial/enterprise_app_ejb_injection/ejbapp/pom.xml':[
0,
],
'project:jboss-ejb3-tutorial/enterprise_app_ejb_injection/webapp/pom.xml':[
0,
],
'project:jboss-ejb3-tutorial/reference21_30/ejb21_app/pom.xml':[
0,
],
'project:jboss-ejb3-tutorial/reference21_30/ejb3_app/pom.xml':[
0,
],
'project:jboss-ejb3-tutorial/reference21_30/enterprise_app/pom.xml':[
0,
],
'project:jboss-ejb3-tutorial/reference21_30/webapp/pom.xml':[
0,
],
'project:jboss-ejb3-tutorial/webservice/pom.xml':[
0,
],
'project:sonar-java/external-reports/pom.xml':[
0,
],
'project:sonar-java/its/performancing/pom.xml':[
0,
],
'project:sonar-java/its/plugin/plugins/java-extension-plugin/pom.xml':[
0,
],
'project:sonar-java/its/plugin/projects/coverage_error/pom.xml':[
0,
],
'project:sonar-java/its/plugin/projects/dit-check/pom.xml':[
0,
],
'project:sonar-java/its/plugin/projects/filtered-issues/pom.xml':[
0,
],
'project:sonar-java/its/plugin/projects/java-extension/pom.xml':[
0,
],
'project:sonar-java/its/plugin/projects/java-inner-classes/pom.xml':[
0,
],
'project:sonar-java/its/plugin/projects/no_coverage/pom.xml':[
0,
],
'project:sonar-java/its/plugin/projects/struts-1.3.9-lite/core/pom.xml':[
0,
],
'project:sonar-java/its/plugin/projects/struts-1.3.9-lite/taglib/pom.xml':[
0,
],
'project:sonar-java/its/plugin/projects/struts-1.3.9-lite/tiles/pom.xml':[
0,
],
'project:sonar-java/its/plugin/projects/tests-surefire-suffix/pom.xml':[
0,
],
'project:sonar-java/its/plugin/projects/tests-without-main-code/pom.xml':[
0,
],
'project:sonar-java/its/plugin/tests/pom.xml':[
0,
],
'project:sonar-java/its/ruling/pom.xml':[
0,
],
'project:sonar-java/its/semantic/java-debugging-plugin/pom.xml':[
0,
],
'project:sonar-java/its/semantic/tests/pom.xml':[
0,
],
'project:sonar-java/java-checks-testkit/pom.xml':[
0,
],
'project:sonar-java/java-checks-testkit/src/test/files/xml/PomCheckVerifier.xml':[
0,
],
'project:sonar-java/java-checks-testkit/src/test/files/xml/PomCheckVerifierNoIssue.xml':[
0,
],
'project:sonar-java/java-checks-testkit/src/test/files/xml/PomCheckVerifierWithSecondary.xml':[
0,
],
'project:sonar-java/java-checks/pom.xml':[
0,
],
'project:sonar-java/java-checks/src/test/files/checks/xml/maven/DependencyWithSystemScopeCheck.xml':[
0,
],
'project:sonar-java/java-checks/src/test/files/checks/xml/maven/PomElementOrderCheck.xml':[
0,
],
'project:sonar-java/java-checks/src/test/files/checks/xml/maven/PomElementOrderCheck2.xml':[
0,
],
'project:sonar-java/java-checks/src/test/files/checks/xml/maven/PomElementOrderCheckCorrectOrder.xml':[
0,
],
'project:sonar-java/java-checks/src/test/files/checks/xml/maven/dependencyCollector/allPositions-pom.xml':[
0,
],
'project:sonar-java/java-checks/src/test/files/checks/xml/maven/dependencyCollector/dependencies-pom.xml':[
0,
],
'project:sonar-java/java-checks/src/test/files/checks/xml/maven/disallowedDependenciesCheck/noVersion-pom.xml':[
0,
],
'project:sonar-java/java-checks/src/test/files/checks/xml/maven/disallowedDependenciesCheck/rangeVersion-pom.xml':[
0,
],
'project:sonar-java/java-checks/src/test/files/checks/xml/maven/disallowedDependenciesCheck/regexVersion-pom.xml':[
0,
],
'project:sonar-java/java-frontend/pom.xml':[
0,
],
'project:sonar-java/java-frontend/src/test/files/xml/maven/simple-project/pom.xml':[
0,
],
'project:sonar-java/java-jacoco/pom.xml':[
0,
],
'project:sonar-java/java-maven-model/pom.xml':[
0,
],
'project:sonar-java/java-surefire/pom.xml':[
0,
],
'project:sonar-java/sonar-jacoco-listeners/pom.xml':[
0,
],
'project:sonar-java/sonar-java-plugin/pom.xml':[
0,
],
'project:sonar-java/sonar-java-plugin/src/test/files/maven/pom.xml':[
0,
],
'project:sonar-java/sonar-java-plugin/src/test/files/maven2/pom.xml':[
0,
],
}
