{
'project:jboss-ejb3-tutorial/service/META-INF/service-xmbean.xml':[
1,
],
}
