{
'project:jboss-ejb3-tutorial/guide/en/modules/tutorials.xml':[
0,
],
'project:sonar-java/external-reports/src/test/resources/checkstyle/invalid-file.xml':[
0,
],
'project:sonar-java/external-reports/src/test/resources/spotbugs/invalid-file.xml':[
0,
],
'project:sonar-java/java-checks-testkit/src/test/files/xml/PomCheckVerifierParseIssue.xml':[
0,
],
'project:sonar-java/java-checks-testkit/src/test/files/xml/XmlCheckVerifierParsingIssue.xml':[
0,
],
'project:sonar-java/java-frontend/src/test/files/xml/empty.xml':[
0,
],
'project:sonar-java/java-frontend/src/test/files/xml/maven/parse-issue/pom.xml':[
0,
],
'project:sonar-java/java-frontend/src/test/files/xml/parsing-issue.xml':[
0,
],
'project:spring-framework/spring-beans/src/test/resources/org/springframework/beans/factory/xml/simpleConstructorNamespaceHandlerTestsWithErrors.xml':[
0,
],
}
