{
'project:jboss-ejb3-tutorial/guide/en/master.xml':[
54,
],
'project:jboss-ejb3-tutorial/guide/en/modules/asynch.xml':[
21,
48,
65,
67,
],
'project:jboss-ejb3-tutorial/guide/en/modules/blob.xml':[
38,
91,
],
'project:jboss-ejb3-tutorial/guide/en/modules/cachedentity.xml':[
79,
105,
],
'project:jboss-ejb3-tutorial/guide/en/modules/callbacks.xml':[
99,
141,
146,
146,
],
'project:jboss-ejb3-tutorial/guide/en/modules/composite.xml':[
8,
71,
101,
134,
134,
],
'project:jboss-ejb3-tutorial/guide/en/modules/consumer.xml':[
26,
28,
28,
68,
110,
113,
115,
124,
181,
],
'project:jboss-ejb3-tutorial/guide/en/modules/dependency.xml':[
7,
33,
34,
],
'project:jboss-ejb3-tutorial/guide/en/modules/ejb21_client_adaptors.xml':[
13,
32,
38,
42,
43,
49,
50,
73,
73,
],
'project:jboss-ejb3-tutorial/guide/en/modules/embeddable.xml':[
13,
],
'project:jboss-ejb3-tutorial/guide/en/modules/enterprise_app_ejb_injection.xml':[
51,
65,
66,
89,
151,
],
'project:jboss-ejb3-tutorial/guide/en/modules/entity.xml':[
17,
78,
109,
152,
],
'project:jboss-ejb3-tutorial/guide/en/modules/extended_pc.xml':[
49,
50,
],
'project:jboss-ejb3-tutorial/guide/en/modules/hibernate.xml':[
22,
],
'project:jboss-ejb3-tutorial/guide/en/modules/injection.xml':[
7,
9,
81,
],
'project:jboss-ejb3-tutorial/guide/en/modules/interceptor.xml':[
172,
190,
218,
219,
257,
274,
315,
341,
384,
425,
429,
430,
453,
515,
538,
539,
540,
582,
587,
603,
604,
641,
648,
650,
697,
754,
],
'project:jboss-ejb3-tutorial/guide/en/modules/jboss_deployment_descriptor.xml':[
10,
21,
27,
],
'project:jboss-ejb3-tutorial/guide/en/modules/jca_inflow_quartz.xml':[
29,
40,
41,
],
'project:jboss-ejb3-tutorial/guide/en/modules/jndibinding.xml':[
8,
9,
],
'project:jboss-ejb3-tutorial/guide/en/modules/mdb.xml':[
12,
294,
295,
297,
],
'project:jboss-ejb3-tutorial/guide/en/modules/mdb_deployment_descriptor.xml':[
37,
],
'project:jboss-ejb3-tutorial/guide/en/modules/merge.xml':[
40,
],
'project:jboss-ejb3-tutorial/guide/en/modules/partial_deployment_descriptor.xml':[
15,
16,
16,
31,
202,
203,
204,
247,
248,
],
'project:jboss-ejb3-tutorial/guide/en/modules/reference21_30.xml':[
46,
51,
51,
84,
85,
86,
100,
113,
181,
187,
],
'project:jboss-ejb3-tutorial/guide/en/modules/relationships.xml':[
50,
],
'project:jboss-ejb3-tutorial/guide/en/modules/resource_ref.xml':[
16,
26,
],
'project:jboss-ejb3-tutorial/guide/en/modules/secondary.xml':[
22,
],
'project:jboss-ejb3-tutorial/guide/en/modules/security.xml':[
33,
],
'project:jboss-ejb3-tutorial/guide/en/modules/service.xml':[
21,
135,
137,
179,
180,
181,
],
'project:jboss-ejb3-tutorial/guide/en/modules/service_deployment_descriptor.xml':[
12,
14,
47,
],
'project:jboss-ejb3-tutorial/guide/en/modules/singleinheritance.xml':[
12,
],
'project:jboss-ejb3-tutorial/guide/en/modules/ssl.xml':[
78,
119,
191,
],
'project:jboss-ejb3-tutorial/guide/en/modules/stateful_deployment_descriptor.xml':[
6,
34,
40,
],
'project:jboss-ejb3-tutorial/guide/en/modules/stateless_deployment_descriptor.xml':[
15,
32,
38,
48,
],
'project:jboss-ejb3-tutorial/guide/en/modules/tableperinheritance.xml':[
14,
],
'project:jboss-ejb3-tutorial/guide/en/modules/timer.xml':[
15,
],
'project:jboss-ejb3-tutorial/jca_inflow_quartz/build.xml':[
9,
],
'project:jboss-ejb3-tutorial/ssl/build.xml':[
9,
],
'project:sonar-java/external-reports/src/test/resources/checkstyle/checkstyle-with-errors.xml':[
4,
4,
],
'project:sonar-java/external-reports/src/test/resources/checkstyle/not-checkstyle-file.xml':[
2,
],
'project:sonar-java/external-reports/src/test/resources/spotbugs/not-spotbugs-file.xml':[
2,
],
'project:sonar-java/external-reports/src/test/resources/spotbugs/spotbugsXml-with-errors.xml':[
8,
8,
],
'project:sonar-java/its/plugin/projects/coverage_error/pom.xml':[
18,
],
'project:sonar-java/its/plugin/projects/struts-1.3.9-lite/core/pom.xml':[
86,
96,
],
'project:sonar-java/its/plugin/projects/struts-1.3.9-lite/pom.xml':[
270,
271,
],
'project:sonar-java/its/plugin/projects/struts-1.3.9-lite/taglib/pom.xml':[
122,
132,
],
'project:sonar-java/its/plugin/projects/struts-1.3.9-lite/tiles/pom.xml':[
115,
125,
],
'project:sonar-java/its/plugin/projects/struts-1.3.9-lite/tiles/src/site/xdoc/examples.xml':[
53,
56,
61,
61,
61,
176,
201,
203,
205,
226,
234,
234,
234,
],
'project:sonar-java/its/plugin/projects/struts-1.3.9-lite/tiles/src/site/xdoc/index.xml':[
51,
82,
103,
108,
113,
117,
],
'project:sonar-java/its/plugin/projects/struts-1.3.9-lite/tiles/src/site/xdoc/installation.xml':[
97,
97,
101,
105,
106,
],
'project:sonar-java/its/plugin/projects/struts-1.3.9-lite/tiles/src/site/xdoc/userGuide.xml':[
92,
99,
106,
112,
118,
124,
127,
130,
135,
140,
148,
161,
164,
167,
170,
182,
196,
197,
202,
208,
213,
216,
219,
222,
234,
244,
247,
250,
256,
262,
266,
274,
286,
289,
291,
294,
297,
300,
306,
312,
318,
325,
331,
363,
371,
384,
390,
396,
402,
408,
414,
419,
424,
],
'project:sonar-java/java-checks/src/test/files/checks/xml/ejb/DefaultInterceptorsLocationCheck/ejb-interceptors.xml':[
21,
],
'project:sonar-java/java-checks/src/test/files/checks/xml/spring/DefaultMessageListenerContainerCheck/beans.xml':[
26,
],
'project:spring-framework/spring-aop/src/test/resources/org/springframework/aop/interceptor/ExposeInvocationInterceptorTests-context.xml':[
15,
],
'project:spring-framework/spring-aop/src/test/resources/org/springframework/aop/support/RegexpMethodPointcutAdvisorIntegrationTests-context.xml':[
8,
9,
15,
24,
25,
26,
30,
33,
36,
41,
51,
53,
54,
55,
],
'project:spring-framework/spring-beans/src/test/resources/org/springframework/beans/factory/BeanFactoryUtilsTests-leaf.xml':[
7,
8,
],
'project:spring-framework/spring-beans/src/test/resources/org/springframework/beans/factory/BeanFactoryUtilsTests-middle.xml':[
8,
9,
],
'project:spring-framework/spring-beans/src/test/resources/org/springframework/beans/factory/BeanFactoryUtilsTests-root.xml':[
17,
18,
24,
],
'project:spring-framework/spring-beans/src/test/resources/org/springframework/beans/factory/config/PropertyPathFactoryBeanTests-context.xml':[
7,
10,
16,
19,
27,
30,
34,
35,
47,
48,
49,
],
'project:spring-framework/spring-beans/src/test/resources/org/springframework/beans/factory/xml/collections.xml':[
7,
8,
23,
27,
28,
39,
40,
47,
48,
53,
54,
67,
68,
105,
109,
113,
128,
192,
195,
200,
201,
212,
213,
366,
367,
378,
379,
],
'project:spring-framework/spring-beans/src/test/resources/org/springframework/beans/factory/xml/factory-methods.xml':[
9,
26,
34,
39,
40,
41,
46,
47,
48,
53,
54,
55,
60,
61,
62,
78,
83,
84,
89,
94,
95,
96,
101,
102,
103,
104,
111,
124,
125,
143,
],
'project:spring-framework/spring-beans/src/test/resources/org/springframework/beans/factory/xml/test.xml':[
16,
24,
30,
34,
44,
45,
46,
47,
51,
56,
57,
58,
59,
63,
64,
65,
69,
70,
71,
79,
84,
92,
98,
99,
100,
104,
105,
106,
112,
113,
117,
118,
124,
],
'project:spring-framework/spring-beans/src/test/resources/org/springframework/beans/factory/xml/testUtilNamespace.xml':[
118,
],
'project:spring-framework/spring-context/src/test/resources/org/springframework/aop/framework/ProxyFactoryBeanTests-context.xml':[
8,
9,
15,
16,
17,
30,
36,
46,
47,
56,
57,
61,
62,
63,
67,
68,
69,
73,
74,
78,
79,
80,
84,
85,
89,
90,
91,
95,
96,
97,
124,
125,
143,
144,
162,
163,
],
'project:spring-framework/spring-context/src/test/resources/org/springframework/aop/framework/ProxyFactoryBeanTests-double-targetsource.xml':[
14,
20,
35,
37,
39,
45,
47,
48,
],
'project:spring-framework/spring-context/src/test/resources/org/springframework/aop/framework/ProxyFactoryBeanTests-frozen.xml':[
8,
9,
19,
21,
22,
23,
24,
],
'project:spring-framework/spring-context/src/test/resources/org/springframework/aop/framework/ProxyFactoryBeanTests-inner-bean-target.xml':[
20,
],
'project:spring-framework/spring-context/src/test/resources/org/springframework/aop/framework/ProxyFactoryBeanTests-invalid.xml':[
8,
9,
17,
18,
],
'project:spring-framework/spring-context/src/test/resources/org/springframework/aop/framework/ProxyFactoryBeanTests-notlast-targetsource.xml':[
13,
26,
28,
],
'project:spring-framework/spring-context/src/test/resources/org/springframework/aop/framework/ProxyFactoryBeanTests-prototype.xml':[
11,
15,
21,
25,
26,
31,
32,
34,
],
'project:spring-framework/spring-context/src/test/resources/org/springframework/aop/framework/ProxyFactoryBeanTests-serialization.xml':[
14,
15,
18,
24,
28,
29,
30,
34,
],
'project:spring-framework/spring-context/src/test/resources/org/springframework/aop/framework/ProxyFactoryBeanTests-targetsource.xml':[
13,
28,
39,
52,
53,
],
'project:spring-framework/spring-context/src/test/resources/org/springframework/aop/framework/adapter/AdvisorAdapterRegistrationTests-with-bpp.xml':[
11,
15,
16,
],
'project:spring-framework/spring-context/src/test/resources/org/springframework/aop/framework/adapter/AdvisorAdapterRegistrationTests-without-bpp.xml':[
11,
15,
16,
],
'project:spring-framework/spring-context/src/test/resources/org/springframework/aop/framework/autoproxy/AdvisorAutoProxyCreatorTests-custom-targetsource.xml':[
16,
17,
21,
22,
26,
27,
31,
],
'project:spring-framework/spring-context/src/test/resources/org/springframework/aop/framework/autoproxy/AdvisorAutoProxyCreatorTests-quick-targetsource.xml':[
18,
19,
23,
28,
29,
34,
35,
40,
41,
],
'project:spring-framework/spring-context/src/test/resources/org/springframework/aop/framework/autoproxy/BeanNameAutoProxyCreatorTests-context.xml':[
16,
52,
77,
81,
92,
102,
106,
110,
114,
],
'project:spring-framework/spring-context/src/test/resources/org/springframework/beans/factory/xml/LookupMethodWrappedByCglibProxyTests-context.xml':[
20,
21,
22,
26,
27,
32,
33,
34,
],
'project:spring-framework/spring-context/src/test/resources/org/springframework/beans/factory/xml/XmlBeanFactoryTests-autowire.xml':[
54,
],
'project:spring-framework/spring-context/src/test/resources/org/springframework/beans/factory/xml/XmlBeanFactoryTests-child.xml':[
7,
13,
19,
24,
29,
34,
39,
46,
],
'project:spring-framework/spring-context/src/test/resources/org/springframework/beans/factory/xml/XmlBeanFactoryTests-collections.xml':[
7,
8,
23,
27,
28,
39,
40,
48,
49,
53,
54,
67,
68,
101,
105,
109,
124,
174,
177,
182,
183,
194,
195,
331,
332,
343,
344,
],
'project:spring-framework/spring-context/src/test/resources/org/springframework/beans/factory/xml/XmlBeanFactoryTests-constructorArg.xml':[
7,
13,
27,
28,
37,
51,
52,
53,
58,
59,
60,
64,
65,
66,
67,
71,
72,
76,
80,
84,
88,
92,
93,
97,
98,
102,
103,
107,
108,
109,
113,
114,
141,
153,
154,
171,
175,
179,
180,
184,
185,
201,
],
'project:spring-framework/spring-context/src/test/resources/org/springframework/beans/factory/xml/XmlBeanFactoryTests-constructorOverrides.xml':[
14,
23,
24,
31,
],
'project:spring-framework/spring-context/src/test/resources/org/springframework/beans/factory/xml/XmlBeanFactoryTests-delegationOverrides.xml':[
63,
64,
80,
],
'project:spring-framework/spring-context/src/test/resources/org/springframework/beans/factory/xml/XmlBeanFactoryTests-depCarg.xml':[
7,
8,
],
'project:spring-framework/spring-context/src/test/resources/org/springframework/beans/factory/xml/XmlBeanFactoryTests-depCargInner.xml':[
9,
10,
],
'project:spring-framework/spring-context/src/test/resources/org/springframework/beans/factory/xml/XmlBeanFactoryTests-depMaterializeThis.xml':[
12,
16,
17,
],
'project:spring-framework/spring-context/src/test/resources/org/springframework/beans/factory/xml/XmlBeanFactoryTests-depProp.xml':[
7,
8,
],
'project:spring-framework/spring-context/src/test/resources/org/springframework/beans/factory/xml/XmlBeanFactoryTests-depPropInTheMiddle.xml':[
7,
11,
12,
],
'project:spring-framework/spring-context/src/test/resources/org/springframework/beans/factory/xml/XmlBeanFactoryTests-depPropInner.xml':[
9,
10,
],
'project:spring-framework/spring-context/src/test/resources/org/springframework/beans/factory/xml/XmlBeanFactoryTests-factoryCircle.xml':[
7,
],
'project:spring-framework/spring-context/src/test/resources/org/springframework/beans/factory/xml/XmlBeanFactoryTests-initializers.xml':[
8,
],
'project:spring-framework/spring-context/src/test/resources/org/springframework/beans/factory/xml/XmlBeanFactoryTests-invalid.xml':[
8,
9,
],
'project:spring-framework/spring-context/src/test/resources/org/springframework/beans/factory/xml/XmlBeanFactoryTests-invalidOverridesNoSuchMethod.xml':[
15,
16,
21,
],
'project:spring-framework/spring-context/src/test/resources/org/springframework/beans/factory/xml/XmlBeanFactoryTests-noSuchFactoryMethod.xml':[
10,
],
'project:spring-framework/spring-context/src/test/resources/org/springframework/beans/factory/xml/XmlBeanFactoryTests-overrides.xml':[
39,
40,
50,
51,
71,
],
'project:spring-framework/spring-context/src/test/resources/org/springframework/beans/factory/xml/XmlBeanFactoryTests-parent.xml':[
7,
8,
12,
13,
17,
18,
],
'project:spring-framework/spring-context/src/test/resources/org/springframework/beans/factory/xml/XmlBeanFactoryTests-reftypes.xml':[
6,
7,
8,
18,
19,
20,
30,
31,
32,
79,
80,
84,
85,
88,
89,
95,
96,
100,
101,
109,
110,
115,
116,
126,
127,
135,
136,
142,
143,
146,
147,
153,
154,
158,
159,
170,
171,
177,
178,
188,
189,
],
'project:spring-framework/spring-context/src/test/resources/org/springframework/context/access/ContextJndiBeanFactoryLocatorTests-collections.xml':[
7,
8,
23,
27,
28,
39,
40,
48,
49,
53,
54,
67,
68,
101,
105,
109,
124,
174,
177,
182,
183,
194,
195,
331,
332,
343,
344,
],
'project:spring-framework/spring-context/src/test/resources/org/springframework/context/access/ContextJndiBeanFactoryLocatorTests-parent.xml':[
7,
8,
12,
13,
17,
18,
],
'project:spring-framework/spring-context/src/test/resources/org/springframework/context/support/childWithProxy.xml':[
7,
11,
],
'project:spring-framework/spring-context/src/test/resources/org/springframework/context/support/test/aliased-contextC.xml':[
12,
],
'project:spring-framework/spring-context/src/test/resources/org/springframework/context/support/test/contextB.xml':[
8,
],
'project:spring-framework/spring-context/src/test/resources/org/springframework/context/support/test/contextC.xml':[
14,
],
'project:spring-framework/spring-context/src/test/resources/org/springframework/context/support/test/import1.xml':[
7,
8,
12,
],
'project:spring-framework/spring-context/src/test/resources/org/springframework/context/support/test/subtest/import2.xml':[
7,
],
'project:spring-framework/spring-core/src/test/resources/org/springframework/util/xml/testContentHandler.xml':[
1,
2,
2,
],
'project:spring-framework/spring-jdbc/src/test/resources/org/springframework/jdbc/support/custom-error-codes.xml':[
10,
11,
15,
],
'project:spring-framework/spring-jdbc/src/test/resources/org/springframework/jdbc/support/test-error-codes.xml':[
10,
11,
],
'project:spring-framework/spring-jdbc/src/test/resources/org/springframework/jdbc/support/wildcard-error-codes.xml':[
10,
11,
15,
16,
17,
21,
22,
23,
27,
28,
29,
33,
34,
35,
],
'project:spring-framework/spring-tx/src/test/resources/org/springframework/transaction/interceptor/noTransactionAttributeSource.xml':[
8,
9,
18,
19,
],
'project:spring-framework/spring-tx/src/test/resources/org/springframework/transaction/interceptor/transactionalBeanFactory.xml':[
7,
12,
13,
14,
22,
46,
57,
64,
65,
71,
77,
78,
95,
98,
112,
116,
118,
126,
127,
],
'project:spring-framework/spring-webmvc/src/test/resources/org/springframework/web/context/WEB-INF/applicationContext.xml':[
54,
],
'project:spring-framework/spring-webmvc/src/test/resources/org/springframework/web/context/WEB-INF/context-addition.xml':[
13,
14,
20,
21,
22,
26,
27,
28,
39,
44,
45,
],
'project:spring-framework/spring-webmvc/src/test/resources/org/springframework/web/context/WEB-INF/contextInclude.xml':[
4,
],
'project:spring-framework/spring-webmvc/src/test/resources/org/springframework/web/context/WEB-INF/test-servlet.xml':[
7,
11,
19,
20,
21,
27,
28,
34,
35,
36,
40,
41,
42,
49,
53,
54,
],
'project:spring-framework/spring-webmvc/src/test/resources/org/springframework/web/context/WEB-INF/testNamespace.xml':[
7,
8,
12,
13,
14,
],
'project:spring-framework/spring-webmvc/src/test/resources/org/springframework/web/context/beans1.xml':[
8,
12,
13,
],
'project:spring-framework/spring-webmvc/src/test/resources/org/springframework/web/servlet/handler/map2.xml':[
7,
8,
12,
13,
14,
15,
16,
17,
18,
24,
25,
27,
31,
],
'project:spring-framework/spring-webmvc/src/test/resources/org/springframework/web/servlet/handler/map2err.xml':[
7,
10,
11,
12,
13,
14,
15,
21,
22,
26,
],
'project:spring-framework/spring-webmvc/src/test/resources/org/springframework/web/servlet/handler/map3.xml':[
7,
],
'project:spring-framework/spring-webmvc/src/test/resources/org/springframework/web/servlet/view/views.xml':[
7,
10,
11,
14,
18,
],
'project:spring-framework/src/test/resources/org/springframework/aop/framework/autoproxy/AdvisorAutoProxyCreatorIntegrationTests-context.xml':[
22,
23,
27,
28,
33,
50,
51,
55,
56,
84,
85,
91,
],
}
