{
'project:jboss-ejb3-tutorial/asynch/log4j.xml':[
26,
],
'project:jboss-ejb3-tutorial/blob/log4j.xml':[
26,
],
'project:jboss-ejb3-tutorial/cachedentity/build.xml':[
81,
],
'project:jboss-ejb3-tutorial/cachedentity/log4j.xml':[
26,
],
'project:jboss-ejb3-tutorial/callbacks/META-INF/persistence.xml':[
12,
],
'project:jboss-ejb3-tutorial/callbacks/log4j.xml':[
26,
],
'project:jboss-ejb3-tutorial/composite/log4j.xml':[
26,
],
'project:jboss-ejb3-tutorial/consumer/log4j.xml':[
26,
],
'project:jboss-ejb3-tutorial/consumer_deployment_descriptor/log4j.xml':[
26,
],
'project:jboss-ejb3-tutorial/dependency/log4j.xml':[
26,
],
'project:jboss-ejb3-tutorial/ejb21_client_adaptors/log4j.xml':[
26,
],
'project:jboss-ejb3-tutorial/embeddable/log4j.xml':[
26,
],
'project:jboss-ejb3-tutorial/entity/log4j.xml':[
26,
],
'project:jboss-ejb3-tutorial/extended_pc/log4j.xml':[
26,
],
'project:jboss-ejb3-tutorial/hibernate/log4j.xml':[
26,
],
'project:jboss-ejb3-tutorial/injection/log4j.xml':[
26,
],
'project:jboss-ejb3-tutorial/interceptor/log4j.xml':[
26,
],
'project:jboss-ejb3-tutorial/jboss_deployment_descriptor/log4j.xml':[
26,
],
'project:jboss-ejb3-tutorial/jca_inflow_quartz/log4j.xml':[
26,
],
'project:jboss-ejb3-tutorial/jndibinding/log4j.xml':[
26,
],
'project:jboss-ejb3-tutorial/joininheritance/log4j.xml':[
26,
],
'project:jboss-ejb3-tutorial/mdb/log4j.xml':[
26,
],
'project:jboss-ejb3-tutorial/mdb_deployment_descriptor/log4j.xml':[
26,
],
'project:jboss-ejb3-tutorial/merge/log4j.xml':[
26,
],
'project:jboss-ejb3-tutorial/partial_deployment_descriptor/log4j.xml':[
26,
],
'project:jboss-ejb3-tutorial/reference21_30/log4j.xml':[
26,
],
'project:jboss-ejb3-tutorial/relationships/log4j.xml':[
26,
],
'project:jboss-ejb3-tutorial/resource_ref/log4j.xml':[
26,
],
'project:jboss-ejb3-tutorial/secondary/log4j.xml':[
26,
],
'project:jboss-ejb3-tutorial/security/log4j.xml':[
26,
],
'project:jboss-ejb3-tutorial/service/log4j.xml':[
26,
],
'project:jboss-ejb3-tutorial/service_deployment_descriptor/log4j.xml':[
26,
],
'project:jboss-ejb3-tutorial/singleinheritance/log4j.xml':[
26,
],
'project:jboss-ejb3-tutorial/ssl/log4j.xml':[
26,
],
'project:jboss-ejb3-tutorial/stateful/log4j.xml':[
26,
],
'project:jboss-ejb3-tutorial/stateful_deployment_descriptor/log4j.xml':[
26,
],
'project:jboss-ejb3-tutorial/stateless/log4j.xml':[
26,
],
'project:jboss-ejb3-tutorial/stateless_deployment_descriptor/log4j.xml':[
26,
],
'project:jboss-ejb3-tutorial/tableperinheritance/log4j.xml':[
26,
],
'project:jboss-ejb3-tutorial/tableperinheritance/pom.xml':[
23,
],
'project:jboss-ejb3-tutorial/timer/log4j.xml':[
26,
],
'project:jboss-ejb3-tutorial/webservice/log4j.xml':[
26,
],
'project:sonar-java/its/plugin/projects/struts-1.3.9-lite/tiles/src/site/xdoc/userGuide.xml':[
337,
],
'project:sonar-java/its/plugin/projects/struts-1.3.9-lite/tiles/src/test/java/org/apache/struts/tiles/config/tiles-defs.xml':[
51,
84,
91,
120,
],
'project:spring-framework/spring-aspects/src/main/resources/META-INF/aop.xml':[
8,
],
'project:spring-framework/spring-beans/src/test/resources/org/springframework/beans/factory/xml/simpleConstructorNamespaceHandlerTests.xml':[
7,
14,
25,
33,
],
'project:spring-framework/spring-context/src/test/resources/org/springframework/aop/aspectj/autoproxy/AspectJAutoProxyCreatorTests-aspects.xml':[
8,
],
'project:spring-framework/spring-context/src/test/resources/org/springframework/aop/aspectj/autoproxy/AspectJAutoProxyCreatorTests-aspectsWithCGLIB.xml':[
9,
],
'project:spring-framework/spring-context/src/test/resources/org/springframework/aop/aspectj/autoproxy/AspectJAutoProxyCreatorTests-aspectsWithOrdering.xml':[
8,
],
'project:spring-framework/spring-context/src/test/resources/org/springframework/aop/aspectj/autoproxy/benchmark/BenchmarkTests-aspectj.xml':[
9,
],
'project:spring-framework/spring-context/src/test/resources/org/springframework/aop/aspectj/autoproxy/benchmark/BenchmarkTests-springAop.xml':[
8,
],
'project:spring-framework/spring-context/src/test/resources/org/springframework/context/annotation/simpleConfigTests.xml':[
15,
],
'project:spring-framework/spring-context/src/test/resources/org/springframework/context/support/test/aliased-contextC.xml':[
11,
],
'project:spring-framework/spring-context/src/test/resources/org/springframework/context/support/test/contextB.xml':[
7,
],
'project:spring-framework/spring-context/src/test/resources/org/springframework/context/support/test/contextC.xml':[
13,
],
'project:spring-framework/spring-context/src/test/resources/org/springframework/scheduling/annotation/taskNamespaceTests.xml':[
9,
],
'project:spring-framework/spring-messaging/src/test/resources/log4j2-test.xml':[
14,
],
'project:spring-framework/spring-webmvc/src/test/resources/org/springframework/web/context/WEB-INF/context-addition.xml':[
43,
],
}
